2026-09-29T18:31:52+08:00 | fallback | m1 → m2 | reason: HTTP 403: forbidden
2026-09-29T18:31:52+08:00 | all candidates exhausted | models: m1,m2 | last error: HTTP 403: forbidden
2026-09-29T18:31:52+08:00 | fallback | m1 → m2 | reason: model failed
2026-09-29T18:31:52+08:00 | all candidates exhausted | models: m1,m2 | last error: model failed
2026-09-29T18:32:01+08:00 | fallback | m1 → m2 | reason: HTTP 429: rate limit
2026-09-29T18:32:10+08:00 | fallback | m1 → m2 | reason: HTTP 500: internal
2026-09-29T18:32:19+08:00 | fallback | m2 → m3 | reason: HTTP 500: internal
2026-09-29T18:32:28+08:00 | all candidates exhausted | models: m1,m2,m3 | last error: HTTP 500: internal
2026-09-30T06:03:34+08:00 | fallback | m1 → m2 | reason: HTTP 403: forbidden
2026-09-30T06:03:34+08:00 | all candidates exhausted | models: m1,m2 | last error: HTTP 403: forbidden
2026-09-30T06:03:34+08:00 | fallback | m1 → m2 | reason: model failed
2026-09-30T06:03:34+08:00 | all candidates exhausted | models: m1,m2 | last error: model failed
2026-09-30T06:03:43+08:00 | fallback | m1 → m2 | reason: HTTP 429: rate limit
2026-09-30T06:03:52+08:00 | fallback | m1 → m2 | reason: HTTP 500: internal
2026-09-30T06:04:01+08:00 | fallback | m2 → m3 | reason: HTTP 500: internal
2026-09-30T06:04:10+08:00 | all candidates exhausted | models: m1,m2,m3 | last error: HTTP 500: internal
2026-09-30T06:04:22+08:00 | fallback | m1 → m2 | reason: HTTP 403: forbidden
2026-09-30T06:04:22+08:00 | all candidates exhausted | models: m1,m2 | last error: HTTP 403: forbidden
2026-09-30T06:04:22+08:00 | fallback | m1 → m2 | reason: model failed
2026-09-30T06:04:22+08:00 | all candidates exhausted | models: m1,m2 | last error: model failed
2026-09-30T06:04:31+08:00 | fallback | m1 → m2 | reason: HTTP 429: rate limit
2026-09-30T06:04:40+08:00 | fallback | m1 → m2 | reason: HTTP 500: internal
2026-09-30T06:04:49+08:00 | fallback | m2 → m3 | reason: HTTP 500: internal
2026-09-30T06:04:58+08:00 | all candidates exhausted | models: m1,m2,m3 | last error: HTTP 500: internal
2026-09-30T06:05:12+08:00 | fallback | m1 → m2 | reason: HTTP 403: forbidden
2026-09-30T06:05:12+08:00 | all candidates exhausted | models: m1,m2 | last error: HTTP 403: forbidden
2026-09-30T06:05:12+08:00 | fallback | m1 → m2 | reason: model failed
2026-09-30T06:05:12+08:00 | all candidates exhausted | models: m1,m2 | last error: model failed
2026-09-30T06:05:21+08:00 | fallback | m1 → m2 | reason: HTTP 429: rate limit
2026-09-30T06:05:30+08:00 | fallback | m1 → m2 | reason: HTTP 500: internal
2026-09-30T06:05:39+08:00 | fallback | m2 → m3 | reason: HTTP 500: internal
2026-09-30T06:05:48+08:00 | all candidates exhausted | models: m1,m2,m3 | last error: HTTP 500: internal
2026-09-30T06:09:18+08:00 | fallback | m1 → m2 | reason: HTTP 403: forbidden
2026-09-30T06:09:18+08:00 | all candidates exhausted | models: m1,m2 | last error: HTTP 403: forbidden
2026-09-30T06:09:18+08:00 | fallback | m1 → m2 | reason: model failed
2026-09-30T06:09:18+08:00 | all candidates exhausted | models: m1,m2 | last error: model failed
2026-09-30T06:09:27+08:00 | fallback | m1 → m2 | reason: HTTP 429: rate limit
2026-09-30T06:09:36+08:00 | fallback | m1 → m2 | reason: HTTP 500: internal
2026-09-30T06:09:45+08:00 | fallback | m2 → m3 | reason: HTTP 500: internal
2026-09-30T06:09:54+08:00 | all candidates exhausted | models: m1,m2,m3 | last error: HTTP 500: internal
2026-09-30T06:30:14+08:00 | fallback | m1 → m2 | reason: HTTP 403: forbidden
2026-09-30T06:30:14+08:00 | all candidates exhausted | models: m1,m2 | last error: HTTP 403: forbidden
2026-09-30T06:30:14+08:00 | fallback | m1 → m2 | reason: model failed
2026-09-30T06:30:14+08:00 | all candidates exhausted | models: m1,m2 | last error: model failed
2026-09-30T06:30:23+08:00 | fallback | m1 → m2 | reason: HTTP 429: rate limit
2026-09-30T06:30:32+08:00 | fallback | m1 → m2 | reason: HTTP 500: internal
2026-09-30T06:30:41+08:00 | fallback | m2 → m3 | reason: HTTP 500: internal
2026-09-30T06:30:50+08:00 | all candidates exhausted | models: m1,m2,m3 | last error: HTTP 500: internal
2026-09-30T06:31:31+08:00 | fallback | m1 → m2 | reason: HTTP 403: forbidden
2026-09-30T06:31:31+08:00 | all candidates exhausted | models: m1,m2 | last error: HTTP 403: forbidden
2026-09-30T06:31:31+08:00 | fallback | m1 → m2 | reason: model failed
2026-09-30T06:31:31+08:00 | all candidates exhausted | models: m1,m2 | last error: model failed
2026-09-30T06:31:40+08:00 | fallback | m1 → m2 | reason: HTTP 429: rate limit
2026-09-30T06:31:49+08:00 | fallback | m1 → m2 | reason: HTTP 500: internal
2026-09-30T06:31:58+08:00 | fallback | m2 → m3 | reason: HTTP 500: internal
2026-09-30T06:32:07+08:00 | all candidates exhausted | models: m1,m2,m3 | last error: HTTP 500: internal
2026-09-30T06:32:33+08:00 | fallback | m1 → m2 | reason: HTTP 403: forbidden
2026-09-30T06:32:33+08:00 | all candidates exhausted | models: m1,m2 | last error: HTTP 403: forbidden
2026-09-30T06:32:33+08:00 | fallback | m1 → m2 | reason: model failed
2026-09-30T06:32:33+08:00 | all candidates exhausted | models: m1,m2 | last error: model failed
2026-09-30T06:32:42+08:00 | fallback | m1 → m2 | reason: HTTP 429: rate limit
2026-09-30T06:32:51+08:00 | fallback | m1 → m2 | reason: HTTP 500: internal
2026-09-30T06:33:00+08:00 | fallback | m2 → m3 | reason: HTTP 500: internal
2026-09-30T06:33:09+08:00 | all candidates exhausted | models: m1,m2,m3 | last error: HTTP 500: internal
2026-09-30T06:33:26+08:00 | fallback | m1 → m2 | reason: HTTP 403: forbidden
2026-09-30T06:33:26+08:00 | all candidates exhausted | models: m1,m2 | last error: HTTP 403: forbidden
2026-09-30T06:33:26+08:00 | fallback | m1 → m2 | reason: model failed
2026-09-30T06:33:26+08:00 | all candidates exhausted | models: m1,m2 | last error: model failed
2026-09-30T06:33:35+08:00 | fallback | m1 → m2 | reason: HTTP 429: rate limit
2026-09-30T06:33:44+08:00 | fallback | m1 → m2 | reason: HTTP 500: internal
2026-09-30T06:33:53+08:00 | fallback | m2 → m3 | reason: HTTP 500: internal
2026-09-30T06:34:02+08:00 | all candidates exhausted | models: m1,m2,m3 | last error: HTTP 500: internal
2026-09-30T07:05:07+08:00 | fallback | m1 → m2 | reason: HTTP 403: forbidden
2026-09-30T07:05:07+08:00 | all candidates exhausted | models: m1,m2 | last error: HTTP 403: forbidden
2026-09-30T07:05:07+08:00 | fallback | m1 → m2 | reason: model failed
2026-09-30T07:05:07+08:00 | all candidates exhausted | models: m1,m2 | last error: model failed
2026-09-30T07:05:16+08:00 | fallback | m1 → m2 | reason: HTTP 429: rate limit
2026-09-30T07:05:25+08:00 | fallback | m1 → m2 | reason: HTTP 500: internal
2026-09-30T07:05:34+08:00 | fallback | m2 → m3 | reason: HTTP 500: internal
2026-09-30T07:05:43+08:00 | all candidates exhausted | models: m1,m2,m3 | last error: HTTP 500: internal
2026-09-30T07:33:44+08:00 | fallback | m1 → m2 | reason: HTTP 403: forbidden
2026-09-30T07:33:44+08:00 | all candidates exhausted | models: m1,m2 | last error: HTTP 403: forbidden
2026-09-30T07:33:44+08:00 | fallback | m1 → m2 | reason: model failed
2026-09-30T07:33:44+08:00 | all candidates exhausted | models: m1,m2 | last error: model failed
2026-09-30T07:33:53+08:00 | fallback | m1 → m2 | reason: HTTP 429: rate limit
2026-09-30T07:34:02+08:00 | fallback | m1 → m2 | reason: HTTP 500: internal
2026-09-30T07:34:11+08:00 | fallback | m2 → m3 | reason: HTTP 500: internal
2026-09-30T07:34:20+08:00 | all candidates exhausted | models: m1,m2,m3 | last error: HTTP 500: internal
2026-09-30T09:28:13+08:00 | fallback | m1 → m2 | reason: HTTP 403: forbidden
2026-09-30T09:28:13+08:00 | all candidates exhausted | models: m1,m2 | last error: HTTP 403: forbidden
2026-09-30T09:28:13+08:00 | fallback | m1 → m2 | reason: model failed
2026-09-30T09:28:13+08:00 | all candidates exhausted | models: m1,m2 | last error: model failed
2026-09-30T09:28:22+08:00 | fallback | m1 → m2 | reason: HTTP 429: rate limit
2026-09-30T09:28:31+08:00 | fallback | m1 → m2 | reason: HTTP 500: internal
2026-09-30T09:28:40+08:00 | fallback | m2 → m3 | reason: HTTP 500: internal
2026-09-30T09:28:49+08:00 | all candidates exhausted | models: m1,m2,m3 | last error: HTTP 500: internal
2026-09-30T09:48:55+08:00 | fallback | m1 → m2 | reason: HTTP 403: forbidden
2026-09-30T09:48:55+08:00 | all candidates exhausted | models: m1,m2 | last error: HTTP 403: forbidden
2026-09-30T09:48:55+08:00 | fallback | m1 → m2 | reason: model failed
2026-09-30T09:48:55+08:00 | all candidates exhausted | models: m1,m2 | last error: model failed
2026-09-30T09:49:04+08:00 | fallback | m1 → m2 | reason: HTTP 429: rate limit
2026-09-30T09:49:13+08:00 | fallback | m1 → m2 | reason: HTTP 500: internal
2026-09-30T09:49:48+08:00 | fallback | m1 → m2 | reason: HTTP 403: forbidden
2026-09-30T09:49:48+08:00 | all candidates exhausted | models: m1,m2 | last error: HTTP 403: forbidden
2026-09-30T09:49:48+08:00 | fallback | m1 → m2 | reason: model failed
2026-09-30T09:49:48+08:00 | all candidates exhausted | models: m1,m2 | last error: model failed
2026-09-30T09:49:57+08:00 | fallback | m1 → m2 | reason: HTTP 429: rate limit
2026-09-30T09:50:06+08:00 | fallback | m1 → m2 | reason: HTTP 500: internal
2026-09-30T09:50:23+08:00 | fallback | m1 → m2 | reason: HTTP 403: forbidden
2026-09-30T09:50:23+08:00 | all candidates exhausted | models: m1,m2 | last error: HTTP 403: forbidden
2026-09-30T09:50:23+08:00 | fallback | m1 → m2 | reason: model failed
2026-09-30T09:50:23+08:00 | all candidates exhausted | models: m1,m2 | last error: model failed
2026-09-30T09:50:32+08:00 | fallback | m1 → m2 | reason: HTTP 429: rate limit
2026-09-30T09:50:41+08:00 | fallback | m1 → m2 | reason: HTTP 500: internal
2026-09-30T09:50:50+08:00 | fallback | m2 → m3 | reason: HTTP 500: internal
2026-09-30T09:50:59+08:00 | all candidates exhausted | models: m1,m2,m3 | last error: HTTP 500: internal
2026-09-30T09:54:09+08:00 | fallback | m1 → m2 | reason: HTTP 403: forbidden
2026-09-30T09:54:09+08:00 | all candidates exhausted | models: m1,m2 | last error: HTTP 403: forbidden
2026-09-30T09:54:09+08:00 | fallback | m1 → m2 | reason: model failed
2026-09-30T09:54:09+08:00 | all candidates exhausted | models: m1,m2 | last error: model failed
2026-09-30T09:54:18+08:00 | fallback | m1 → m2 | reason: HTTP 429: rate limit
2026-09-30T09:54:27+08:00 | fallback | m1 → m2 | reason: HTTP 500: internal
2026-09-30T09:54:36+08:00 | fallback | m2 → m3 | reason: HTTP 500: internal
2026-09-30T09:54:45+08:00 | all candidates exhausted | models: m1,m2,m3 | last error: HTTP 500: internal
2026-09-30T09:55:46+08:00 | fallback | m1 → m2 | reason: HTTP 403: forbidden
2026-09-30T09:55:46+08:00 | all candidates exhausted | models: m1,m2 | last error: HTTP 403: forbidden
2026-09-30T09:55:46+08:00 | fallback | m1 → m2 | reason: model failed
2026-09-30T09:55:46+08:00 | all candidates exhausted | models: m1,m2 | last error: model failed
2026-09-30T09:55:55+08:00 | fallback | m1 → m2 | reason: HTTP 429: rate limit
2026-09-30T09:56:04+08:00 | fallback | m1 → m2 | reason: HTTP 500: internal
2026-09-30T09:56:13+08:00 | fallback | m2 → m3 | reason: HTTP 500: internal
2026-09-30T09:56:22+08:00 | all candidates exhausted | models: m1,m2,m3 | last error: HTTP 500: internal
2026-09-30T09:57:18+08:00 | fallback | m1 → m2 | reason: HTTP 403: forbidden
2026-09-30T09:57:18+08:00 | all candidates exhausted | models: m1,m2 | last error: HTTP 403: forbidden
2026-09-30T09:57:18+08:00 | fallback | m1 → m2 | reason: model failed
2026-09-30T09:57:18+08:00 | all candidates exhausted | models: m1,m2 | last error: model failed
2026-09-30T09:57:27+08:00 | fallback | m1 → m2 | reason: HTTP 429: rate limit
2026-09-30T09:57:36+08:00 | fallback | m1 → m2 | reason: HTTP 500: internal
2026-09-30T09:57:45+08:00 | fallback | m2 → m3 | reason: HTTP 500: internal
2026-09-30T09:57:54+08:00 | all candidates exhausted | models: m1,m2,m3 | last error: HTTP 500: internal
2026-09-30T16:21:58+08:00 | fallback | m1 → m2 | reason: HTTP 403: forbidden
2026-09-30T16:21:58+08:00 | all candidates exhausted | models: m1,m2 | last error: HTTP 403: forbidden
2026-09-30T16:21:58+08:00 | fallback | m1 → m2 | reason: model failed
2026-09-30T16:21:58+08:00 | all candidates exhausted | models: m1,m2 | last error: model failed
2026-09-30T16:22:07+08:00 | fallback | m1 → m2 | reason: HTTP 429: rate limit
2026-09-30T16:22:16+08:00 | fallback | m1 → m2 | reason: HTTP 500: internal
2026-09-30T16:22:25+08:00 | fallback | m2 → m3 | reason: HTTP 500: internal
2026-09-30T16:22:34+08:00 | all candidates exhausted | models: m1,m2,m3 | last error: HTTP 500: internal
2026-09-30T16:54:20+08:00 | fallback | m1 → m2 | reason: HTTP 403: forbidden
2026-09-30T16:54:20+08:00 | all candidates exhausted | models: m1,m2 | last error: HTTP 403: forbidden
2026-09-30T16:54:20+08:00 | fallback | m1 → m2 | reason: model failed
2026-09-30T16:54:20+08:00 | all candidates exhausted | models: m1,m2 | last error: model failed
2026-09-30T16:54:29+08:00 | fallback | m1 → m2 | reason: HTTP 429: rate limit
2026-09-30T16:54:38+08:00 | fallback | m1 → m2 | reason: HTTP 500: internal
2026-09-30T16:54:47+08:00 | fallback | m2 → m3 | reason: HTTP 500: internal
2026-09-30T16:54:56+08:00 | all candidates exhausted | models: m1,m2,m3 | last error: HTTP 500: internal
2026-09-30T16:57:46+08:00 | fallback | m1 → m2 | reason: HTTP 403: forbidden
2026-09-30T16:57:46+08:00 | all candidates exhausted | models: m1,m2 | last error: HTTP 403: forbidden
2026-09-30T16:57:46+08:00 | fallback | m1 → m2 | reason: model failed
2026-09-30T16:57:46+08:00 | all candidates exhausted | models: m1,m2 | last error: model failed
2026-09-30T16:57:55+08:00 | fallback | m1 → m2 | reason: HTTP 429: rate limit
2026-09-30T16:58:04+08:00 | fallback | m1 → m2 | reason: HTTP 500: internal
2026-09-30T16:58:13+08:00 | fallback | m2 → m3 | reason: HTTP 500: internal
2026-09-30T16:58:22+08:00 | all candidates exhausted | models: m1,m2,m3 | last error: HTTP 500: internal
2026-10-01T04:15:52+08:00 | fallback | m1 → m2 | reason: HTTP 403: forbidden
2026-10-01T04:15:52+08:00 | all candidates exhausted | models: m1,m2 | last error: HTTP 403: forbidden
2026-10-01T04:15:52+08:00 | fallback | m1 → m2 | reason: model failed
2026-10-01T04:15:52+08:00 | all candidates exhausted | models: m1,m2 | last error: model failed
2026-10-01T04:16:01+08:00 | fallback | m1 → m2 | reason: HTTP 429: rate limit
2026-10-01T04:16:10+08:00 | fallback | m1 → m2 | reason: HTTP 500: internal
2026-10-01T04:16:19+08:00 | fallback | m2 → m3 | reason: HTTP 500: internal
2026-10-01T04:16:28+08:00 | all candidates exhausted | models: m1,m2,m3 | last error: HTTP 500: internal
2026-10-01T04:17:41+08:00 | fallback | m1 → m2 | reason: HTTP 403: forbidden
2026-10-01T04:17:41+08:00 | all candidates exhausted | models: m1,m2 | last error: HTTP 403: forbidden
2026-10-01T04:17:41+08:00 | fallback | m1 → m2 | reason: model failed
2026-10-01T04:17:41+08:00 | all candidates exhausted | models: m1,m2 | last error: model failed
2026-10-01T04:17:50+08:00 | fallback | m1 → m2 | reason: HTTP 429: rate limit
2026-10-01T04:17:59+08:00 | fallback | m1 → m2 | reason: HTTP 500: internal
2026-10-01T04:18:08+08:00 | fallback | m2 → m3 | reason: HTTP 500: internal
2026-10-01T04:18:17+08:00 | all candidates exhausted | models: m1,m2,m3 | last error: HTTP 500: internal
2026-10-01T04:22:57+08:00 | fallback | m1 → m2 | reason: HTTP 403: forbidden
2026-10-01T04:22:57+08:00 | all candidates exhausted | models: m1,m2 | last error: HTTP 403: forbidden
2026-10-01T04:22:57+08:00 | fallback | m1 → m2 | reason: model failed
2026-10-01T04:22:57+08:00 | all candidates exhausted | models: m1,m2 | last error: model failed
2026-10-01T04:23:06+08:00 | fallback | m1 → m2 | reason: HTTP 429: rate limit
2026-10-01T04:23:15+08:00 | fallback | m1 → m2 | reason: HTTP 500: internal
2026-10-01T04:23:24+08:00 | fallback | m2 → m3 | reason: HTTP 500: internal
2026-10-01T04:23:33+08:00 | all candidates exhausted | models: m1,m2,m3 | last error: HTTP 500: internal
2026-10-01T04:28:05+08:00 | fallback | m1 → m2 | reason: HTTP 403: forbidden
2026-10-01T04:28:05+08:00 | all candidates exhausted | models: m1,m2 | last error: HTTP 403: forbidden
2026-10-01T04:28:05+08:00 | fallback | m1 → m2 | reason: model failed
2026-10-01T04:28:05+08:00 | all candidates exhausted | models: m1,m2 | last error: model failed
2026-10-01T04:28:14+08:00 | fallback | m1 → m2 | reason: HTTP 429: rate limit
2026-10-01T04:28:23+08:00 | fallback | m1 → m2 | reason: HTTP 500: internal
2026-10-01T04:28:32+08:00 | fallback | m2 → m3 | reason: HTTP 500: internal
2026-10-01T04:28:41+08:00 | all candidates exhausted | models: m1,m2,m3 | last error: HTTP 500: internal
2026-10-01T04:30:58+08:00 | fallback | m1 → m2 | reason: HTTP 403: forbidden
2026-10-01T04:30:58+08:00 | all candidates exhausted | models: m1,m2 | last error: HTTP 403: forbidden
2026-10-01T04:30:58+08:00 | fallback | m1 → m2 | reason: model failed
2026-10-01T04:30:58+08:00 | all candidates exhausted | models: m1,m2 | last error: model failed
2026-10-01T04:31:07+08:00 | fallback | m1 → m2 | reason: HTTP 429: rate limit
2026-10-01T04:31:16+08:00 | fallback | m1 → m2 | reason: HTTP 500: internal
2026-10-01T04:31:25+08:00 | fallback | m2 → m3 | reason: HTTP 500: internal
2026-10-01T04:31:34+08:00 | all candidates exhausted | models: m1,m2,m3 | last error: HTTP 500: internal
2026-10-01T04:31:36+08:00 | all candidates exhausted | models: xxx-yyy-zzz | last error: HTTP 404: {"error":{"code":"InvalidEndpointOrModel.NotFound","message":"The model or endpoint xxx-yyy-zzz does not exist or you do not have access to it. Request id: 02179080029425778af8113c224ccdd69578c3b63d1e71a6ad33b","param":"","type":"Not Found"}}
2026-10-01T04:34:10+08:00 | fallback | m1 → m2 | reason: HTTP 403: forbidden
2026-10-01T04:34:10+08:00 | all candidates exhausted | models: m1,m2 | last error: HTTP 403: forbidden
2026-10-01T04:34:10+08:00 | fallback | m1 → m2 | reason: model failed
2026-10-01T04:34:10+08:00 | all candidates exhausted | models: m1,m2 | last error: model failed
2026-10-01T04:34:19+08:00 | fallback | m1 → m2 | reason: HTTP 429: rate limit
2026-10-01T04:34:28+08:00 | fallback | m1 → m2 | reason: HTTP 500: internal
2026-10-01T04:34:37+08:00 | fallback | m2 → m3 | reason: HTTP 500: internal
2026-10-01T04:34:46+08:00 | all candidates exhausted | models: m1,m2,m3 | last error: HTTP 500: internal
2026-10-01T04:50:04+08:00 | fallback | m1 → m2 | reason: HTTP 403: forbidden
2026-10-01T04:50:04+08:00 | all candidates exhausted | models: m1,m2 | last error: HTTP 403: forbidden
2026-10-01T04:50:04+08:00 | fallback | m1 → m2 | reason: model failed
2026-10-01T04:50:04+08:00 | all candidates exhausted | models: m1,m2 | last error: model failed
2026-10-01T04:50:13+08:00 | fallback | m1 → m2 | reason: HTTP 429: rate limit
2026-10-01T04:50:22+08:00 | fallback | m1 → m2 | reason: HTTP 500: internal
2026-10-01T04:50:31+08:00 | fallback | m2 → m3 | reason: HTTP 500: internal
2026-10-01T04:50:40+08:00 | all candidates exhausted | models: m1,m2,m3 | last error: HTTP 500: internal
2026-10-01T04:51:05+08:00 | fallback | m1 → m2 | reason: HTTP 403: forbidden
2026-10-01T04:51:05+08:00 | all candidates exhausted | models: m1,m2 | last error: HTTP 403: forbidden
2026-10-01T04:51:05+08:00 | fallback | m1 → m2 | reason: model failed
2026-10-01T04:51:05+08:00 | all candidates exhausted | models: m1,m2 | last error: model failed
2026-10-01T04:51:14+08:00 | fallback | m1 → m2 | reason: HTTP 429: rate limit
2026-10-01T04:51:23+08:00 | fallback | m1 → m2 | reason: HTTP 500: internal
2026-10-01T04:51:32+08:00 | fallback | m2 → m3 | reason: HTTP 500: internal
2026-10-01T04:51:41+08:00 | all candidates exhausted | models: m1,m2,m3 | last error: HTTP 500: internal
2026-10-01T05:01:01+08:00 | fallback | m1 → m2 | reason: HTTP 403: forbidden
2026-10-01T05:01:01+08:00 | all candidates exhausted | models: m1,m2 | last error: HTTP 403: forbidden
2026-10-01T05:01:01+08:00 | fallback | m1 → m2 | reason: model failed
2026-10-01T05:01:01+08:00 | all candidates exhausted | models: m1,m2 | last error: model failed
2026-10-01T05:01:10+08:00 | fallback | m1 → m2 | reason: HTTP 429: rate limit
2026-10-01T05:01:19+08:00 | fallback | m1 → m2 | reason: HTTP 500: internal
2026-10-01T05:01:28+08:00 | fallback | m2 → m3 | reason: HTTP 500: internal
2026-10-01T05:01:37+08:00 | all candidates exhausted | models: m1,m2,m3 | last error: HTTP 500: internal
2026-10-01T06:08:35+08:00 | fallback | m1 → m2 | reason: HTTP 403: forbidden
2026-10-01T06:08:35+08:00 | all candidates exhausted | models: m1,m2 | last error: HTTP 403: forbidden
2026-10-01T06:08:35+08:00 | fallback | m1 → m2 | reason: model failed
2026-10-01T06:08:35+08:00 | all candidates exhausted | models: m1,m2 | last error: model failed
2026-10-01T06:08:44+08:00 | fallback | m1 → m2 | reason: HTTP 429: rate limit
2026-10-01T06:08:53+08:00 | fallback | m1 → m2 | reason: HTTP 500: internal
2026-10-01T06:09:02+08:00 | fallback | m2 → m3 | reason: HTTP 500: internal
2026-10-01T06:09:11+08:00 | all candidates exhausted | models: m1,m2,m3 | last error: HTTP 500: internal
